12-10 16:52:42.371 16382 17525 D MultiCoreBenchmarks: Thread 4 completed 1500 matrix multiplications, checksum: 33443537802038371
12-10 16:52:42.562 16382 17527 D MultiCoreBenchmarks: Thread 7 completed 1500 matrix multiplications, checksum: 32427727594268617
12-10 16:52:42.568 16382 17522 D MultiCoreBenchmarks: Thread 6 completed 1500 matrix multiplications, checksum: 3652171225612678
12-10 16:52:42.623 16382 17520 D MultiCoreBenchmarks: Thread 5 completed 1500 matrix multiplications, checksum: 3831100732459160
12-10 16:52:42.623 16382 17457 D MultiCoreBenchmarks: All threads completed: 8 results
12-10 16:52:42.623 16382 17457 D MultiCoreBenchmarks: === MULTI-CORE MATRIX MULTIPLICATION COMPLETE ===
12-10 16:52:42.623 16382 17457 D MultiCoreBenchmarks: Time: 12794.0ms, Total Checksum: 114741019529501153, Ops/sec: 3.93400406440519E9
12-10 16:52:42.623 16382 17457 D MultiCoreBenchmarks: Valid: true, Execution success: true
12-10 16:52:42.660 16382 17455 D MultiCoreBenchmarks: === STARTING MULTI-CORE HASH COMPUTING - FIXED WORK PER CORE ===
12-10 16:52:42.660 16382 17455 D MultiCoreBenchmarks: Threads available: 8
12-10 16:52:42.660 16382 17455 D MultiCoreBenchmarks: Fixed workload per thread: 500000 iterations
12-10 16:52:42.660 16382 17455 D MultiCoreBenchmarks: Total expected operations: 4000000
12-10 16:52:42.661 16382 17455 D MultiCoreBenchmarks: Starting parallel execution with 8 threads
12-10 16:52:42.661 16382 17455 D MultiCoreBenchmarks: Each thread will perform 500000 hash iterations
12-10 16:52:42.662 16382 17524 D MultiCoreBenchmarks: Thread 0 starting 500000 hash iterations
12-10 16:52:42.662 16382 17526 D MultiCoreBenchmarks: Thread 1 starting 500000 hash iterations
12-10 16:52:42.662 16382 17521 D MultiCoreBenchmarks: Thread 2 starting 500000 hash iterations
12-10 16:52:42.663 16382 17523 D MultiCoreBenchmarks: Thread 3 starting 500000 hash iterations
12-10 16:52:42.663 16382 17525 D MultiCoreBenchmarks: Thread 4 starting 500000 hash iterations
12-10 16:52:42.666 16382 17527 D MultiCoreBenchmarks: Thread 5 starting 500000 hash iterations
12-10 16:52:42.669 16382 17522 D MultiCoreBenchmarks: Thread 6 starting 500000 hash iterations
12-10 16:52:42.669 16382 17520 D MultiCoreBenchmarks: Thread 7 starting 500000 hash iterations
12-10 16:52:44.860 16382 17520 D MultiCoreBenchmarks: Thread 7 completed 500000 iterations, processed 500000 hashes
12-10 16:52:44.902 16382 17523 D MultiCoreBenchmarks: Thread 3 completed 500000 iterations, processed 500000 hashes
12-10 16:52:44.927 16382 17525 D MultiCoreBenchmarks: Thread 4 completed 500000 iterations, processed 500000 hashes
12-10 16:52:44.947 16382 17521 D MultiCoreBenchmarks: Thread 2 completed 500000 iterations, processed 500000 hashes
12-10 16:52:44.964 16382 17524 D MultiCoreBenchmarks: Thread 0 completed 500000 iterations, processed 500000 hashes
12-10 16:52:44.973 16382 17526 D MultiCoreBenchmarks: Thread 1 completed 500000 iterations, processed 500000 hashes
12-10 16:52:44.992 16382 17527 D MultiCoreBenchmarks: Thread 5 completed 500000 iterations, processed 500000 hashes
12-10 16:52:45.006 16382 17522 D MultiCoreBenchmarks: Thread 6 completed 500000 iterations, processed 500000 hashes
12-10 16:52:45.007 16382 17455 D MultiCoreBenchmarks: All threads completed: 8 results
12-10 16:52:45.007 16382 17455 D MultiCoreBenchmarks: === MULTI-CORE HASH COMPUTING COMPLETE ===
12-10 16:52:45.007 16382 17455 D MultiCoreBenchmarks: Time: 2346.0ms, Total Hashes: 4000000, Ops/sec: 1705029.8380221652
12-10 16:52:45.007 16382 17455 D MultiCoreBenchmarks: Valid: true, Execution success: true
12-10 16:52:45.013 16382 17455 D MultiCoreBenchmarks: === STARTING MULTI-CORE STRING SORTING - CACHE-RESIDENT STRATEGY ===
12-10 16:52:45.013 16382 17455 D MultiCoreBenchmarks: Threads available: 8
12-10 16:52:45.013 16382 17455 D MultiCoreBenchmarks: Using explicit iterations from params: 1000
12-10 16:52:45.013 16382 17455 D MultiCoreBenchmarks: Cache-resident size: 4096, iterations per thread: 1000
12-10 16:52:45.013 16382 17455 D MultiCoreBenchmarks: Generating cache-resident source list...
12-10 16:52:45.052 16382 17455 D MultiCoreBenchmarks: Source list generated. Cleaning memory...
12-10 16:52:45.280 16382 17455 D MultiCoreBenchmarks: Memory cleaned. Starting parallel cache-resident sorting...
12-10 16:52:45.280 16382 17455 D MultiCoreBenchmarks: Starting parallel cache-resident sort timing...
12-10 16:52:45.282 16382 17523 D MultiCoreBenchmarks: Thread 1 starting 1000 iterations
12-10 16:52:45.282 16382 17525 D MultiCoreBenchmarks: Thread 2 starting 1000 iterations
12-10 16:52:45.283 16382 17521 D MultiCoreBenchmarks: Thread 3 starting 1000 iterations
12-10 16:52:45.283 16382 17520 D MultiCoreBenchmarks: Thread 0 starting 1000 iterations
12-10 16:52:45.284 16382 17524 D MultiCoreBenchmarks: Thread 4 starting 1000 iterations
12-10 16:52:45.284 16382 17526 D MultiCoreBenchmarks: Thread 5 starting 1000 iterations
12-10 16:52:45.286 16382 17527 D MultiCoreBenchmarks: Thread 6 starting 1000 iterations
12-10 16:52:45.287 16382 17522 D MultiCoreBenchmarks: Thread 7 starting 1000 iterations
12-10 16:52:47.952 16382 17526 D MultiCoreBenchmarks: Thread 5 completed, checksum: 1243303648
12-10 16:52:48.036 16382 17524 D MultiCoreBenchmarks: Thread 4 completed, checksum: 1243303648
12-10 16:52:48.050 16382 17520 D MultiCoreBenchmarks: Thread 0 completed, checksum: 1243303648
12-10 16:52:48.069 16382 17525 D MultiCoreBenchmarks: Thread 2 completed, checksum: 1243303648
12-10 16:52:48.081 16382 17527 D MultiCoreBenchmarks: Thread 6 completed, checksum: 1243303648
12-10 16:52:48.084 16382 17523 D MultiCoreBenchmarks: Thread 1 completed, checksum: 1243303648
12-10 16:52:48.093 16382 17521 D MultiCoreBenchmarks: Thread 3 completed, checksum: 1243303648
12-10 16:52:48.143 16382 17522 D MultiCoreBenchmarks: Thread 7 completed, checksum: 1243303648
12-10 16:52:48.144 16382 17455 D MultiCoreBenchmarks: All threads completed sorting in 2864.0ms
12-10 16:52:48.144 16382 17455 D MultiCoreBenchmarks: All 8 threads completed successfully
12-10 16:52:48.144 16382 17455 D MultiCoreBenchmarks: === MULTI-CORE STRING SORTING COMPLETE ===
12-10 16:52:48.144 16382 17455 D MultiCoreBenchmarks: Time: 3131.0ms, Total Comparisons: 3.93216E8, Ops/sec: 1.2558799105717024E8
12-10 16:52:48.144 16382 17455 D MultiCoreBenchmarks: Valid: true, Execution success: true
12-10 16:52:48.151 16382 17535 D MultiCoreBenchmarks: Starting Multi-Core Ray Tracing (Priority + Work Stealing)
12-10 16:52:50.093 16382 17525 D MultiCoreBenchmarks: Thread 3 (100 batch) processed total: 200 frames
12-10 16:52:50.156 16382 17526 D MultiCoreBenchmarks: Thread 0 (100 batch) processed total: 200 frames
12-10 16:52:50.180 16382 17520 D MultiCoreBenchmarks: Thread 2 (100 batch) processed total: 200 frames
12-10 16:52:50.181 16382 17524 D MultiCoreBenchmarks: Thread 1 (100 batch) processed total: 200 frames
12-10 16:52:50.202 16382 17521 D MultiCoreBenchmarks: Thread 6 (100 batch) processed total: 200 frames
12-10 16:52:50.226 16382 17527 D MultiCoreBenchmarks: Thread 4 (100 batch) processed total: 200 frames
12-10 16:52:50.230 16382 17523 D MultiCoreBenchmarks: Thread 5 (100 batch) processed total: 200 frames
12-10 16:52:50.247 16382 17522 D MultiCoreBenchmarks: Thread 7 (100 batch) processed total: 200 frames
12-10 16:52:50.253 16382 17535 D MultiCoreBenchmarks: Starting Multi-Core Compression (FIXED: 2MB static buffer)
12-10 16:52:52.476 16382 17535 D MultiCoreBenchmarks: Starting Multi-Core Monte Carlo π (samples: 15000000) - OPTIMIZED: Ultra-efficient parallel
12-10 16:52:54.102 16382 17534 D MultiCoreBenchmarks: Starting Multi-Core JSON Parsing (size: 1MB)
12-10 16:52:54.241 16382 17534 D MultiCoreBenchmarks: Starting Multi-Core N-Queens (size: 10)
